// Jest Snapshot v1, https://goo.gl/fbAQLP

exports[`components/ItemName renders 1`] = `
<label>
  <br />
  Normal number: 
  <div>
    Some text
  </div>
  <input
    onChange={[Function]}
    type="text"
    value="120"
  />
</label>
`;
